[INFO] Module OpenMPI/5.0.3 loaded.

Lmod is automatically replacing "impi/2021.13.0" with "OpenMPI/5.0.3".

[INFO] Module OpenMPI/5.0.3 loaded.

Inactive Modules:
  1) imkl-FFTW/2024.2.0

You must install .NET to run this application.

App: /rwthfs/rz/cluster/home/gzi37280/LoadProfileGenerator/CitySimulation/bin/Release/net9.0/linux-x64/publish/CitySimulation
Architecture: x64
App host version: 9.0.16
.NET location: Not found

Learn more:
https://aka.ms/dotnet/app-launch-failed

Download the .NET runtime:
https://aka.ms/dotnet-core-applaunch?missing_runtime=true&arch=x64&rid=linux-x64&os=rocky.9&apphost_version=9.0.16
Failed to resolve libhostfxr.so [not found]. Error code: 0x80008083
You must install .NET to run this application.

App: /rwthfs/rz/cluster/home/gzi37280/LoadProfileGenerator/CitySimulation/bin/Release/net9.0/linux-x64/publish/CitySimulation
Architecture: x64
App host version: 9.0.16
.NET location: Not found

Learn more:
https://aka.ms/dotnet/app-launch-failed

Download the .NET runtime:
https://aka.ms/dotnet-core-applaunch?missing_runtime=true&arch=x64&rid=linux-x64&os=rocky.9&apphost_version=9.0.16
Failed to resolve libhostfxr.so [not found]. Error code: 0x80008083
You must install .NET to run this application.

App: /rwthfs/rz/cluster/home/gzi37280/LoadProfileGenerator/CitySimulation/bin/Release/net9.0/linux-x64/publish/CitySimulation
Architecture: x64
App host version: 9.0.16
.NET location: Not found

Learn more:
https://aka.ms/dotnet/app-launch-failed

Download the .NET runtime:
https://aka.ms/dotnet-core-applaunch?missing_runtime=true&arch=x64&rid=linux-x64&os=rocky.9&apphost_version=9.0.16
Failed to resolve libhostfxr.so [not found]. Error code: 0x80008083
You must install .NET to run this application.

App: /rwthfs/rz/cluster/home/gzi37280/LoadProfileGenerator/CitySimulation/bin/Release/net9.0/linux-x64/publish/CitySimulation
Architecture: x64
App host version: 9.0.16
.NET location: Not found

Learn more:
https://aka.ms/dotnet/app-launch-failed

Download the .NET runtime:
https://aka.ms/dotnet-core-applaunch?missing_runtime=true&arch=x64&rid=linux-x64&os=rocky.9&apphost_version=9.0.16
Failed to resolve libhostfxr.so [not found]. Error code: 0x80008083
You must install .NET to run this application.

App: /rwthfs/rz/cluster/home/gzi37280/LoadProfileGenerator/CitySimulation/bin/Release/net9.0/linux-x64/publish/CitySimulation
Architecture: x64
App host version: 9.0.16
.NET location: Not found

Learn more:
https://aka.ms/dotnet/app-launch-failed

Download the .NET runtime:
https://aka.ms/dotnet-core-applaunch?missing_runtime=true&arch=x64&rid=linux-x64&os=rocky.9&apphost_version=9.0.16
Failed to resolve libhostfxr.so [not found]. Error code: 0x80008083
You must install .NET to run this application.

App: /rwthfs/rz/cluster/home/gzi37280/LoadProfileGenerator/CitySimulation/bin/Release/net9.0/linux-x64/publish/CitySimulation
Architecture: x64
App host version: 9.0.16
.NET location: Not found

Learn more:
https://aka.ms/dotnet/app-launch-failed

Download the .NET runtime:
https://aka.ms/dotnet-core-applaunch?missing_runtime=true&arch=x64&rid=linux-x64&os=rocky.9&apphost_version=9.0.16
Failed to resolve libhostfxr.so [not found]. Error code: 0x80008083
You must install .NET to run this application.

App: /rwthfs/rz/cluster/home/gzi37280/LoadProfileGenerator/CitySimulation/bin/Release/net9.0/linux-x64/publish/CitySimulation
Architecture: x64
App host version: 9.0.16
.NET location: Not found

Learn more:
https://aka.ms/dotnet/app-launch-failed

Download the .NET runtime:
https://aka.ms/dotnet-core-applaunch?missing_runtime=true&arch=x64&rid=linux-x64&os=rocky.9&apphost_version=9.0.16
Failed to resolve libhostfxr.so [not found]. Error code: 0x80008083
You must install .NET to run this application.

App: /rwthfs/rz/cluster/home/gzi37280/LoadProfileGenerator/CitySimulation/bin/Release/net9.0/linux-x64/publish/CitySimulation
Architecture: x64
App host version: 9.0.16
.NET location: Not found

Learn more:
https://aka.ms/dotnet/app-launch-failed

Download the .NET runtime:
You must install .NET to run this application.

App: /rwthfs/rz/cluster/home/gzi37280/LoadProfileGenerator/CitySimulation/bin/Release/net9.0/linux-x64/publish/CitySimulation
Architecture: x64
App host version: 9.0.16
.NET location: Not found

Learn more:
https://aka.ms/dotnet/app-launch-failed

Download the .NET runtime:
https://aka.ms/dotnet-core-applaunch?missing_runtime=true&arch=x64&rid=linux-x64&os=rocky.9&apphost_version=9.0.16
Failed to resolve libhostfxr.so [not found]. Error code: 0x80008083
https://aka.ms/dotnet-core-applaunch?missing_runtime=true&arch=x64&rid=linux-x64&os=rocky.9&apphost_version=9.0.16
You must install .NET to run this application.

App: /rwthfs/rz/cluster/home/gzi37280/LoadProfileGenerator/CitySimulation/bin/Release/net9.0/linux-x64/publish/CitySimulation
Architecture: x64
App host version: 9.0.16
.NET location: Not found

Learn more:
https://aka.ms/dotnet/app-launch-failed

Download the .NET runtime:
https://aka.ms/dotnet-core-applaunch?missing_runtime=true&arch=x64&rid=linux-x64&os=rocky.9&apphost_version=9.0.16
Failed to resolve libhostfxr.so [not found]. Error code: 0x80008083
Failed to resolve libhostfxr.so [not found]. Error code: 0x80008083
[2026-06-23T11:16:35.898] error: Can't propagate RLIMIT_NPROC of 1027897 from submit host: Invalid argument
You must install .NET to run this application.

App: /rwthfs/rz/cluster/home/gzi37280/LoadProfileGenerator/CitySimulation/bin/Release/net9.0/linux-x64/publish/CitySimulation
Architecture: x64
App host version: 9.0.16
.NET location: Not found

Learn more:
https://aka.ms/dotnet/app-launch-failed

Download the .NET runtime:
https://aka.ms/dotnet-core-applaunch?missing_runtime=true&arch=x64&rid=linux-x64&os=rocky.9&apphost_version=9.0.16
Failed to resolve libhostfxr.so [not found]. Error code: 0x80008083
You must install .NET to run this application.

App: /rwthfs/rz/cluster/home/gzi37280/LoadProfileGenerator/CitySimulation/bin/Release/net9.0/linux-x64/publish/CitySimulation
Architecture: x64
App host version: 9.0.16
.NET location: Not found

Learn more:
https://aka.ms/dotnet/app-launch-failed

Download the .NET runtime:
https://aka.ms/dotnet-core-applaunch?missing_runtime=true&arch=x64&rid=linux-x64&os=rocky.9&apphost_version=9.0.16
Failed to resolve libhostfxr.so [not found]. Error code: 0x80008083
You must install .NET to run this application.

App: /rwthfs/rz/cluster/home/gzi37280/LoadProfileGenerator/CitySimulation/bin/Release/net9.0/linux-x64/publish/CitySimulation
Architecture: x64
App host version: 9.0.16
.NET location: Not found

Learn more:
https://aka.ms/dotnet/app-launch-failed

Download the .NET runtime:
https://aka.ms/dotnet-core-applaunch?missing_runtime=true&arch=x64&rid=linux-x64&os=rocky.9&apphost_version=9.0.16
Failed to resolve libhostfxr.so [not found]. Error code: 0x80008083
You must install .NET to run this application.

App: /rwthfs/rz/cluster/home/gzi37280/LoadProfileGenerator/CitySimulation/bin/Release/net9.0/linux-x64/publish/CitySimulation
Architecture: x64
App host version: 9.0.16
.NET location: Not found

Learn more:
https://aka.ms/dotnet/app-launch-failed

Download the .NET runtime:
https://aka.ms/dotnet-core-applaunch?missing_runtime=true&arch=x64&rid=linux-x64&os=rocky.9&apphost_version=9.0.16
Failed to resolve libhostfxr.so [not found]. Error code: 0x80008083
srun: error: n23m0072: task 3: Exited with exit code 131
You must install .NET to run this application.

App: /rwthfs/rz/cluster/home/gzi37280/LoadProfileGenerator/CitySimulation/bin/Release/net9.0/linux-x64/publish/CitySimulation
Architecture: x64
App host version: 9.0.16
.NET location: Not found

Learn more:
https://aka.ms/dotnet/app-launch-failed

Download the .NET runtime:
https://aka.ms/dotnet-core-applaunch?missing_runtime=true&arch=x64&rid=linux-x64&os=rocky.9&apphost_version=9.0.16
Failed to resolve libhostfxr.so [not found]. Error code: 0x80008083
You must install .NET to run this application.

App: /rwthfs/rz/cluster/home/gzi37280/LoadProfileGenerator/CitySimulation/bin/Release/net9.0/linux-x64/publish/CitySimulation
Architecture: x64
App host version: 9.0.16
.NET location: Not found

Learn more:
https://aka.ms/dotnet/app-launch-failed

Download the .NET runtime:
https://aka.ms/dotnet-core-applaunch?missing_runtime=true&arch=x64&rid=linux-x64&os=rocky.9&apphost_version=9.0.16
Failed to resolve libhostfxr.so [not found]. Error code: 0x80008083
You must install .NET to run this application.

App: /rwthfs/rz/cluster/home/gzi37280/LoadProfileGenerator/CitySimulation/bin/Release/net9.0/linux-x64/publish/CitySimulation
Architecture: x64
App host version: 9.0.16
.NET location: Not found

Learn more:
https://aka.ms/dotnet/app-launch-failed

Download the .NET runtime:
https://aka.ms/dotnet-core-applaunch?missing_runtime=true&arch=x64&rid=linux-x64&os=rocky.9&apphost_version=9.0.16
Failed to resolve libhostfxr.so [not found]. Error code: 0x80008083
srun: error: r23m0084: task 4: Exited with exit code 131
srun: error: r23m0212: tasks 33-39: Exited with exit code 131
You must install .NET to run this application.

App: /rwthfs/rz/cluster/home/gzi37280/LoadProfileGenerator/CitySimulation/bin/Release/net9.0/linux-x64/publish/CitySimulation
Architecture: x64
App host version: 9.0.16
.NET location: Not found

Learn more:
https://aka.ms/dotnet/app-launch-failed

Download the .NET runtime:
https://aka.ms/dotnet-core-applaunch?missing_runtime=true&arch=x64&rid=linux-x64&os=rocky.9&apphost_version=9.0.16
Failed to resolve libhostfxr.so [not found]. Error code: 0x80008083
You must install .NET to run this application.

App: /rwthfs/rz/cluster/home/gzi37280/LoadProfileGenerator/CitySimulation/bin/Release/net9.0/linux-x64/publish/CitySimulation
Architecture: x64
App host version: 9.0.16
.NET location: Not found

Learn more:
https://aka.ms/dotnet/app-launch-failed

Download the .NET runtime:
https://aka.ms/dotnet-core-applaunch?missing_runtime=true&arch=x64&rid=linux-x64&os=rocky.9&apphost_version=9.0.16
Failed to resolve libhostfxr.so [not found]. Error code: 0x80008083
You must install .NET to run this application.

App: /rwthfs/rz/cluster/home/gzi37280/LoadProfileGenerator/CitySimulation/bin/Release/net9.0/linux-x64/publish/CitySimulation
Architecture: x64
App host version: 9.0.16
.NET location: Not found

Learn more:
https://aka.ms/dotnet/app-launch-failed

Download the .NET runtime:
https://aka.ms/dotnet-core-applaunch?missing_runtime=true&arch=x64&rid=linux-x64&os=rocky.9&apphost_version=9.0.16
Failed to resolve libhostfxr.so [not found]. Error code: 0x80008083
srun: error: r23m0209: tasks 14-16: Exited with exit code 131
You must install .NET to run this application.

App: /rwthfs/rz/cluster/home/gzi37280/LoadProfileGenerator/CitySimulation/bin/Release/net9.0/linux-x64/publish/CitySimulation
Architecture: x64
App host version: 9.0.16
.NET location: Not found

Learn more:
https://aka.ms/dotnet/app-launch-failed

Download the .NET runtime:
https://aka.ms/dotnet-core-applaunch?missing_runtime=true&arch=x64&rid=linux-x64&os=rocky.9&apphost_version=9.0.16
Failed to resolve libhostfxr.so [not found]. Error code: 0x80008083
You must install .NET to run this application.

App: /rwthfs/rz/cluster/home/gzi37280/LoadProfileGenerator/CitySimulation/bin/Release/net9.0/linux-x64/publish/CitySimulation
Architecture: x64
App host version: 9.0.16
.NET location: Not found

Learn more:
https://aka.ms/dotnet/app-launch-failed

Download the .NET runtime:
https://aka.ms/dotnet-core-applaunch?missing_runtime=true&arch=x64&rid=linux-x64&os=rocky.9&apphost_version=9.0.16
Failed to resolve libhostfxr.so [not found]. Error code: 0x80008083
You must install .NET to run this application.

App: /rwthfs/rz/cluster/home/gzi37280/LoadProfileGenerator/CitySimulation/bin/Release/net9.0/linux-x64/publish/CitySimulation
Architecture: x64
App host version: 9.0.16
.NET location: Not found

Learn more:
https://aka.ms/dotnet/app-launch-failed

Download the .NET runtime:
https://aka.ms/dotnet-core-applaunch?missing_runtime=true&arch=x64&rid=linux-x64&os=rocky.9&apphost_version=9.0.16
Failed to resolve libhostfxr.so [not found]. Error code: 0x80008083
You must install .NET to run this application.

App: /rwthfs/rz/cluster/home/gzi37280/LoadProfileGenerator/CitySimulation/bin/Release/net9.0/linux-x64/publish/CitySimulation
Architecture: x64
App host version: 9.0.16
.NET location: Not found

Learn more:
https://aka.ms/dotnet/app-launch-failed

Download the .NET runtime:
https://aka.ms/dotnet-core-applaunch?missing_runtime=true&arch=x64&rid=linux-x64&os=rocky.9&apphost_version=9.0.16
Failed to resolve libhostfxr.so [not found]. Error code: 0x80008083
You must install .NET to run this application.

App: /rwthfs/rz/cluster/home/gzi37280/LoadProfileGenerator/CitySimulation/bin/Release/net9.0/linux-x64/publish/CitySimulation
Architecture: x64
App host version: 9.0.16
.NET location: Not found

Learn more:
https://aka.ms/dotnet/app-launch-failed

Download the .NET runtime:
https://aka.ms/dotnet-core-applaunch?missing_runtime=true&arch=x64&rid=linux-x64&os=rocky.9&apphost_version=9.0.16
Failed to resolve libhostfxr.so [not found]. Error code: 0x80008083
You must install .NET to run this application.

App: /rwthfs/rz/cluster/home/gzi37280/LoadProfileGenerator/CitySimulation/bin/Release/net9.0/linux-x64/publish/CitySimulation
Architecture: x64
App host version: 9.0.16
.NET location: Not found

Learn more:
https://aka.ms/dotnet/app-launch-failed

Download the .NET runtime:
https://aka.ms/dotnet-core-applaunch?missing_runtime=true&arch=x64&rid=linux-x64&os=rocky.9&apphost_version=9.0.16
Failed to resolve libhostfxr.so [not found]. Error code: 0x80008083
You must install .NET to run this application.

App: /rwthfs/rz/cluster/home/gzi37280/LoadProfileGenerator/CitySimulation/bin/Release/net9.0/linux-x64/publish/CitySimulation
Architecture: x64
App host version: 9.0.16
.NET location: Not found

Learn more:
https://aka.ms/dotnet/app-launch-failed

Download the .NET runtime:
https://aka.ms/dotnet-core-applaunch?missing_runtime=true&arch=x64&rid=linux-x64&os=rocky.9&apphost_version=9.0.16
Failed to resolve libhostfxr.so [not found]. Error code: 0x80008083
You must install .NET to run this application.

App: /rwthfs/rz/cluster/home/gzi37280/LoadProfileGenerator/CitySimulation/bin/Release/net9.0/linux-x64/publish/CitySimulation
Architecture: x64
App host version: 9.0.16
.NET location: Not found

Learn more:
https://aka.ms/dotnet/app-launch-failed

Download the .NET runtime:
https://aka.ms/dotnet-core-applaunch?missing_runtime=true&arch=x64&rid=linux-x64&os=rocky.9&apphost_version=9.0.16
Failed to resolve libhostfxr.so [not found]. Error code: 0x80008083
You must install .NET to run this application.

App: /rwthfs/rz/cluster/home/gzi37280/LoadProfileGenerator/CitySimulation/bin/Release/net9.0/linux-x64/publish/CitySimulation
Architecture: x64
App host version: 9.0.16
.NET location: Not found

Learn more:
https://aka.ms/dotnet/app-launch-failed

Download the .NET runtime:
https://aka.ms/dotnet-core-applaunch?missing_runtime=true&arch=x64&rid=linux-x64&os=rocky.9&apphost_version=9.0.16
Failed to resolve libhostfxr.so [not found]. Error code: 0x80008083
You must install .NET to run this application.

App: /rwthfs/rz/cluster/home/gzi37280/LoadProfileGenerator/CitySimulation/bin/Release/net9.0/linux-x64/publish/CitySimulation
Architecture: x64
App host version: 9.0.16
.NET location: Not found

Learn more:
https://aka.ms/dotnet/app-launch-failed

Download the .NET runtime:
https://aka.ms/dotnet-core-applaunch?missing_runtime=true&arch=x64&rid=linux-x64&os=rocky.9&apphost_version=9.0.16
Failed to resolve libhostfxr.so [not found]. Error code: 0x80008083
You must install .NET to run this application.

App: /rwthfs/rz/cluster/home/gzi37280/LoadProfileGenerator/CitySimulation/bin/Release/net9.0/linux-x64/publish/CitySimulation
Architecture: x64
App host version: 9.0.16
.NET location: Not found

Learn more:
https://aka.ms/dotnet/app-launch-failed

Download the .NET runtime:
https://aka.ms/dotnet-core-applaunch?missing_runtime=true&arch=x64&rid=linux-x64&os=rocky.9&apphost_version=9.0.16
Failed to resolve libhostfxr.so [not found]. Error code: 0x80008083
You must install .NET to run this application.

App: /rwthfs/rz/cluster/home/gzi37280/LoadProfileGenerator/CitySimulation/bin/Release/net9.0/linux-x64/publish/CitySimulation
Architecture: x64
App host version: 9.0.16
.NET location: Not found

Learn more:
https://aka.ms/dotnet/app-launch-failed

Download the .NET runtime:
https://aka.ms/dotnet-core-applaunch?missing_runtime=true&arch=x64&rid=linux-x64&os=rocky.9&apphost_version=9.0.16
Failed to resolve libhostfxr.so [not found]. Error code: 0x80008083
You must install .NET to run this application.

App: /rwthfs/rz/cluster/home/gzi37280/LoadProfileGenerator/CitySimulation/bin/Release/net9.0/linux-x64/publish/CitySimulation
Architecture: x64
App host version: 9.0.16
.NET location: Not found

Learn more:
https://aka.ms/dotnet/app-launch-failed

Download the .NET runtime:
https://aka.ms/dotnet-core-applaunch?missing_runtime=true&arch=x64&rid=linux-x64&os=rocky.9&apphost_version=9.0.16
Failed to resolve libhostfxr.so [not found]. Error code: 0x80008083
You must install .NET to run this application.

App: /rwthfs/rz/cluster/home/gzi37280/LoadProfileGenerator/CitySimulation/bin/Release/net9.0/linux-x64/publish/CitySimulation
Architecture: x64
App host version: 9.0.16
.NET location: Not found

Learn more:
https://aka.ms/dotnet/app-launch-failed

Download the .NET runtime:
https://aka.ms/dotnet-core-applaunch?missing_runtime=true&arch=x64&rid=linux-x64&os=rocky.9&apphost_version=9.0.16
Failed to resolve libhostfxr.so [not found]. Error code: 0x80008083
You must install .NET to run this application.

App: /rwthfs/rz/cluster/home/gzi37280/LoadProfileGenerator/CitySimulation/bin/Release/net9.0/linux-x64/publish/CitySimulation
Architecture: x64
App host version: 9.0.16
.NET location: Not found

Learn more:
https://aka.ms/dotnet/app-launch-failed

Download the .NET runtime:
https://aka.ms/dotnet-core-applaunch?missing_runtime=true&arch=x64&rid=linux-x64&os=rocky.9&apphost_version=9.0.16
Failed to resolve libhostfxr.so [not found]. Error code: 0x80008083
srun: error: r23m0170: task 7: Exited with exit code 131
You must install .NET to run this application.

App: /rwthfs/rz/cluster/home/gzi37280/LoadProfileGenerator/CitySimulation/bin/Release/net9.0/linux-x64/publish/CitySimulation
Architecture: x64
App host version: 9.0.16
.NET location: Not found

Learn more:
https://aka.ms/dotnet/app-launch-failed

Download the .NET runtime:
https://aka.ms/dotnet-core-applaunch?missing_runtime=true&arch=x64&rid=linux-x64&os=rocky.9&apphost_version=9.0.16
Failed to resolve libhostfxr.so [not found]. Error code: 0x80008083
srun: error: r23m0202: task 9: Exited with exit code 131
You must install .NET to run this application.

App: /rwthfs/rz/cluster/home/gzi37280/LoadProfileGenerator/CitySimulation/bin/Release/net9.0/linux-x64/publish/CitySimulation
Architecture: x64
App host version: 9.0.16
.NET location: Not found

Learn more:
https://aka.ms/dotnet/app-launch-failed

Download the .NET runtime:
https://aka.ms/dotnet-core-applaunch?missing_runtime=true&arch=x64&rid=linux-x64&os=rocky.9&apphost_version=9.0.16
Failed to resolve libhostfxr.so [not found]. Error code: 0x80008083
srun: error: n23m0046: task 2: Exited with exit code 131
You must install .NET to run this application.

App: /rwthfs/rz/cluster/home/gzi37280/LoadProfileGenerator/CitySimulation/bin/Release/net9.0/linux-x64/publish/CitySimulation
Architecture: x64
App host version: 9.0.16
.NET location: Not found

Learn more:
https://aka.ms/dotnet/app-launch-failed

Download the .NET runtime:
https://aka.ms/dotnet-core-applaunch?missing_runtime=true&arch=x64&rid=linux-x64&os=rocky.9&apphost_version=9.0.16
Failed to resolve libhostfxr.so [not found]. Error code: 0x80008083
srun: error: r23m0195: task 8: Exited with exit code 131
srun: error: n23m0042: task 1: Exited with exit code 131
srun: error: r23m0206: tasks 11-13: Exited with exit code 131
srun: error: r23m0139: tasks 5-6: Exited with exit code 131
You must install .NET to run this application.

App: /rwthfs/rz/cluster/home/gzi37280/LoadProfileGenerator/CitySimulation/bin/Release/net9.0/linux-x64/publish/CitySimulation
Architecture: x64
App host version: 9.0.16
.NET location: Not found

Learn more:
https://aka.ms/dotnet/app-launch-failed

Download the .NET runtime:
https://aka.ms/dotnet-core-applaunch?missing_runtime=true&arch=x64&rid=linux-x64&os=rocky.9&apphost_version=9.0.16
Failed to resolve libhostfxr.so [not found]. Error code: 0x80008083
srun: error: r23m0205: task 10: Exited with exit code 131
srun: error: r23m0210: tasks 17-32: Exited with exit code 131
You must install .NET to run this application.

App: /rwthfs/rz/cluster/home/gzi37280/LoadProfileGenerator/CitySimulation/bin/Release/net9.0/linux-x64/publish/CitySimulation
Architecture: x64
App host version: 9.0.16
.NET location: Not found

Learn more:
https://aka.ms/dotnet/app-launch-failed

Download the .NET runtime:
https://aka.ms/dotnet-core-applaunch?missing_runtime=true&arch=x64&rid=linux-x64&os=rocky.9&apphost_version=9.0.16
Failed to resolve libhostfxr.so [not found]. Error code: 0x80008083
srun: error: n23m0033: task 0: Exited with exit code 131
