[INFO] Module OpenMPI/5.0.3 loaded.

Lmod is automatically replacing "impi/2021.13.0" with "OpenMPI/5.0.3".

[INFO] Module OpenMPI/5.0.3 loaded.

Inactive Modules:
  1) imkl-FFTW/2024.2.0

Initializing the logger
Starting mass simulation with 24 workers.
Loading city scenario from path /home/gzi37280/CityScenarioGenerator/scenarios/scenario_juelich
Using database file: /rwthfs/rz/cluster/home/gzi37280/LoadProfileGenerator/CitySimulation/bin/Release/net9.0/linux-x64/publish/profilegenerator.db3
Found 1 files in the routes subdirectory.
Calling MPI Scatter to distribute scenario parts.
CitySimulation.CitySimWrapperException: Exception on worker 6 from target 'DEA_DENW40AL10003T9w-1710' during initialization.
 ---> Common.DataIntegrityException: The house DEA_DENW40AL10003UiF-3477 has no housetype. Please fix.
   at CalculationController.Integrity.HouseChecker.Run(Simulator sim, CheckingOptions options) in /rwthfs/rz/cluster/home/gzi37280/LoadProfileGenerator/CalculationController/Integrity/HouseChecker.cs:line 52
   at CalculationController.Integrity.BasicChecker.RunCheck(Simulator sim, Int32 step, CheckingOptions options) in /rwthfs/rz/cluster/home/gzi37280/LoadProfileGenerator/CalculationController/Integrity/BasicChecker.cs:line 20
   at CalculationController.Integrity.SimIntegrityChecker.Run(Simulator sim, CheckingOptions options) in /rwthfs/rz/cluster/home/gzi37280/LoadProfileGenerator/CalculationController/Integrity/SimIntegrityChecker.cs:line 147
   at CalculationController.CalcFactories.CalcManagerFactory.GetCalcManager(CalcStartParameterSet csps) in /rwthfs/rz/cluster/home/gzi37280/LoadProfileGenerator/CalculationController/CalcFactories/CalcManagerFactory.cs:line 105
   at CitySimulation.LPGMassSimulator.PrepareHousesForSimulation(String baseResultDir, Int32 rank) in /rwthfs/rz/cluster/home/gzi37280/LoadProfileGenerator/CitySimulation/LPGMassSimulator.cs:line 177
   --- End of inner exception stack trace ---
   at CitySimulation.LPGMassSimulator.PrepareHousesForSimulation(String baseResultDir, Int32 rank) in /rwthfs/rz/cluster/home/gzi37280/LoadProfileGenerator/CitySimulation/LPGMassSimulator.cs:line 182
   at CitySimulation.LPGMassSimulator..ctor(Intracommunicator comm, Int32 rank, ScenarioPart scenarioPart, MPILogger logger) in /rwthfs/rz/cluster/home/gzi37280/LoadProfileGenerator/CitySimulation/LPGMassSimulator.cs:line 84
   at CitySimulation.Worker.InitLPGSimulator() in /rwthfs/rz/cluster/home/gzi37280/LoadProfileGenerator/CitySimulation/Worker.cs:line 126
   at CitySimulation.Worker..ctor(Intracommunicator comm, String[] args) in /rwthfs/rz/cluster/home/gzi37280/LoadProfileGenerator/CitySimulation/Worker.cs:line 69
   at CitySimulation.Program.RunNewWorker(Intracommunicator comm, String[] args) in /rwthfs/rz/cluster/home/gzi37280/LoadProfileGenerator/CitySimulation/Program.cs:line 42
   at CitySimulation.Program.<>c__DisplayClass1_0.<CreateMPIRunAction>b__0(Intracommunicator comm) in /rwthfs/rz/cluster/home/gzi37280/LoadProfileGenerator/CitySimulation/Program.cs:line 26
   at MPI.Environment.Run(String[]& args, Threading threading, Action`1 action, Boolean cleanupEnvironment)
[2026-10-06T15:02:52.938] error: *** STEP 4814223.0 ON n23m0001 CANCELLED AT 2026-10-06T15:02:52 DUE TO TASK FAILURE ***
srun: error: n23m0011: tasks 17-19: Exited with exit code 143
srun: error: n23m0019: tasks 20-23: Exited with exit code 143
srun: error: n23m0011: task 16: Exited with exit code 143
srun: error: n23m0008: tasks 3-5: Exited with exit code 143
srun: error: n23m0006: task 2: Exited with exit code 143
srun: error: n23m0010: tasks 12,14-15: Exited with exit code 143
srun: error: n23m0003: task 1: Exited with exit code 143
srun: error: n23m0009: task 6: Exited with exit code 1
srun: error: n23m0009: tasks 7-10: Exited with exit code 143
srun: error: n23m0010: tasks 11,13: Exited with exit code 143
srun: error: n23m0001: task 0: Exited with exit code 143
