[INFO] Module OpenMPI/5.0.3 loaded.

Lmod is automatically replacing "impi/2021.13.0" with "OpenMPI/5.0.3".

[INFO] Module OpenMPI/5.0.3 loaded.

Inactive Modules:
  1) imkl-FFTW/2024.2.0

[2026-06-17T16:22:25.963] error: Can't propagate RLIMIT_NPROC of 2060088 from submit host: Invalid argument
[2026-06-17T16:22:25.973] error: Can't propagate RLIMIT_NPROC of 2060088 from submit host: Invalid argument
[2026-06-17T16:22:25.989] error: Can't propagate RLIMIT_NPROC of 2060088 from submit host: Invalid argument
[2026-06-17T16:22:26.008] error: Can't propagate RLIMIT_NPROC of 2060088 from submit host: Invalid argument
[2026-06-17T16:22:26.008] error: Can't propagate RLIMIT_NPROC of 2060088 from submit host: Invalid argument
[2026-06-17T16:22:26.029] error: Can't propagate RLIMIT_NPROC of 2060088 from submit host: Invalid argument
[2026-06-17T16:22:26.033] error: Can't propagate RLIMIT_NPROC of 2060088 from submit host: Invalid argument
[2026-06-17T16:22:26.041] error: Can't propagate RLIMIT_NPROC of 2060088 from submit host: Invalid argument
[2026-06-17T16:22:26.057] error: Can't propagate RLIMIT_NPROC of 2060088 from submit host: Invalid argument
[2026-06-17T16:22:26.059] error: Can't propagate RLIMIT_NPROC of 2060088 from submit host: Invalid argument
[2026-06-17T16:22:26.061] error: Can't propagate RLIMIT_NPROC of 2060088 from submit host: Invalid argument
[2026-06-17T16:22:26.066] error: Can't propagate RLIMIT_NPROC of 2060088 from submit host: Invalid argument
[2026-06-17T16:22:26.072] error: Can't propagate RLIMIT_NPROC of 2060088 from submit host: Invalid argument
[2026-06-17T16:22:26.073] error: Can't propagate RLIMIT_NPROC of 2060088 from submit host: Invalid argument
[2026-06-17T16:22:26.072] error: Can't propagate RLIMIT_NPROC of 2060088 from submit host: Invalid argument
[2026-06-17T16:22:26.072] error: Can't propagate RLIMIT_NPROC of 2060088 from submit host: Invalid argument
[2026-06-17T16:22:26.072] error: Can't propagate RLIMIT_NPROC of 2060088 from submit host: Invalid argument
[2026-06-17T16:22:26.108] error: Can't propagate RLIMIT_NPROC of 2060088 from submit host: Invalid argument
[2026-06-17T16:22:26.116] error: Can't propagate RLIMIT_NPROC of 2060088 from submit host: Invalid argument
[2026-06-17T16:22:26.118] error: Can't propagate RLIMIT_NPROC of 2060088 from submit host: Invalid argument
[2026-06-17T16:22:26.128] error: Can't propagate RLIMIT_NPROC of 2060088 from submit host: Invalid argument
[2026-06-17T16:22:26.128] error: Can't propagate RLIMIT_NPROC of 2060088 from submit host: Invalid argument
[2026-06-17T16:22:26.133] error: Can't propagate RLIMIT_NPROC of 2060088 from submit host: Invalid argument
[2026-06-17T16:22:26.134] error: Can't propagate RLIMIT_NPROC of 2060088 from submit host: Invalid argument
[2026-06-17T16:22:26.139] error: Can't propagate RLIMIT_NPROC of 2060088 from submit host: Invalid argument
[2026-06-17T16:22:26.139] error: Can't propagate RLIMIT_NPROC of 2060088 from submit host: Invalid argument
[2026-06-17T16:22:26.139] error: Can't propagate RLIMIT_NPROC of 2060088 from submit host: Invalid argument
[2026-06-17T16:22:26.139] error: Can't propagate RLIMIT_NPROC of 2060088 from submit host: Invalid argument
[2026-06-17T16:22:26.139] error: Can't propagate RLIMIT_NPROC of 2060088 from submit host: Invalid argument
Initializing the logger
Starting mass simulation with 40 workers.
Loading city scenario from path /home/gzi37280/CityScenarioGenerator/scenarios/test_scenario
Using database file: /rwthfs/rz/cluster/home/gzi37280/LoadProfileGenerator/CitySimulation/bin/release/net9.0/linux-x64/publish/profilegenerator.db3
Found 1 files in the routes subdirectory.
Calling MPI Scatter to distribute scenario parts.
Automation.ResultFiles.LPGPBadParameterException: LPGMassSimulator on worker 3 received no simulation targets.
   at CitySimulation.LPGMassSimulator..ctor(Intracommunicator comm, Int32 rank, ScenarioPart scenarioPart, MPILogger logger) in /rwthfs/rz/cluster/home/gzi37280/LoadProfileGenerator/CitySimulation/LPGMassSimulator.cs:line 45
   at CitySimulation.Worker.InitLPGSimulator() in /rwthfs/rz/cluster/home/gzi37280/LoadProfileGenerator/CitySimulation/Worker.cs:line 126
   at CitySimulation.Worker..ctor(Intracommunicator comm, String[] args) in /rwthfs/rz/cluster/home/gzi37280/LoadProfileGenerator/CitySimulation/Worker.cs:line 69
Automation.ResultFiles.LPGPBadParameterException: LPGMassSimulator on worker 2 received no simulation targets.
   at CitySimulation.Program.RunNewWorker(Intracommunicator comm, String[] args) in /rwthfs/rz/cluster/home/gzi37280/LoadProfileGenerator/CitySimulation/Program.cs:line 42
   at CitySimulation.Program.<>c__DisplayClass1_0.<CreateMPIRunAction>b__0(Intracommunicator comm) in /rwthfs/rz/cluster/home/gzi37280/LoadProfileGenerator/CitySimulation/Program.cs:line 26
   at CitySimulation.LPGMassSimulator..ctor(Intracommunicator comm, Int32 rank, ScenarioPart scenarioPart, MPILogger logger) in /rwthfs/rz/cluster/home/gzi37280/LoadProfileGenerator/CitySimulation/LPGMassSimulator.cs:line 45
   at CitySimulation.Worker.InitLPGSimulator() in /rwthfs/rz/cluster/home/gzi37280/LoadProfileGenerator/CitySimulation/Worker.cs:line 126
   at CitySimulation.Worker..ctor(Intracommunicator comm, String[] args) in /rwthfs/rz/cluster/home/gzi37280/LoadProfileGenerator/CitySimulation/Worker.cs:line 69
   at CitySimulation.Program.RunNewWorker(Intracommunicator comm, String[] args) in /rwthfs/rz/cluster/home/gzi37280/LoadProfileGenerator/CitySimulation/Program.cs:line 42
   at CitySimulation.Program.<>c__DisplayClass1_0.<CreateMPIRunAction>b__0(Intracommunicator comm) in /rwthfs/rz/cluster/home/gzi37280/LoadProfileGenerator/CitySimulation/Program.cs:line 26
   at MPI.Environment.Run(String[]& args, Threading threading, Action`1 action, Boolean cleanupEnvironment)
   at MPI.Environment.Run(String[]& args, Threading threading, Action`1 action, Boolean cleanupEnvironment)
[2026-06-17T16:22:34.869] error: *** STEP 1159446.0 ON n23m0410 CANCELLED AT 2026-06-17T16:22:34 DUE to SIGNAL Killed ***
srun: Job step aborted: Waiting up to 92 seconds for job step to finish.
srun: error: r23m0195: task 17: Killed
srun: error: r23m0197: task 18: Killed
srun: error: r23m0201: task 20: Killed
srun: error: r23m0062: task 12: Killed
srun: error: r23m0216: task 33: Killed
srun: error: r23m0090: task 15: Killed
srun: error: r23m0218: task 38: Killed
srun: error: r23m0092: task 16: Killed
srun: error: r23m0210: task 27: Killed
srun: error: r23m0206: task 21: Killed
srun: error: r23m0200: task 19: Killed
srun: error: r23m0031: task 7: Killed
srun: error: r23m0207: task 22: Killed
srun: error: r23m0219: task 39: Killed
srun: error: r23m0030: tasks 4,6: Killed
srun: error: r23m0027: tasks 2-3: Exited with exit code 1
srun: error: r23m0078: tasks 13-14: Killed
srun: error: n23m0410: tasks 0-1: Killed
srun: error: r23m0217: tasks 34-37: Killed
srun: error: r23m0033: tasks 8-11: Killed
srun: error: r23m0215: tasks 28-32: Killed
srun: error: r23m0209: tasks 23-26: Killed
srun: error: r23m0030: task 5: Killed
