[INFO] Module OpenMPI/5.0.3 loaded.

Lmod is automatically replacing "impi/2021.13.0" with "OpenMPI/5.0.3".

[INFO] Module OpenMPI/5.0.3 loaded.

Inactive Modules:
  1) imkl-FFTW/2024.2.0

Initializing the logger
Starting mass simulation with 40 workers.
Loading city scenario from path /home/gzi37280/CityScenarioGenerator/scenarios/scenario_juelich
Using database file: /rwthfs/rz/cluster/home/gzi37280/LoadProfileGenerator/CitySimulation/bin/Release/net9.0/linux-x64/publish/profilegenerator.db3
Found 1 files in the routes subdirectory.
System.OutOfMemoryException: Exception of type 'System.OutOfMemoryException' was thrown.
   at .ctor()
   at System.Text.Json.Serialization.JsonDictionaryConverter`3.OnTryRead(Utf8JsonReader& reader, Type typeToConvert, JsonSerializerOptions options, ReadStack& state, TDictionary& value)
   at System.Text.Json.Serialization.JsonConverter`1.TryRead(Utf8JsonReader& reader, Type typeToConvert, JsonSerializerOptions options, ReadStack& state, T& value, Boolean& isPopulatedValue)
   at System.Text.Json.Serialization.Converters.LargeObjectWithParameterizedConstructorConverter`1.ReadAndCacheConstructorArgument(ReadStack& state, Utf8JsonReader& reader, JsonParameterInfo jsonParameterInfo)
   at System.Text.Json.Serialization.Converters.ObjectWithParameterizedConstructorConverter`1.ReadConstructorArgumentsWithContinuation(ReadStack& state, Utf8JsonReader& reader, JsonSerializerOptions options)
   at System.Text.Json.Serialization.Converters.ObjectWithParameterizedConstructorConverter`1.OnTryRead(Utf8JsonReader& reader, Type typeToConvert, JsonSerializerOptions options, ReadStack& state, T& value)
   at System.Text.Json.Serialization.JsonConverter`1.TryRead(Utf8JsonReader& reader, Type typeToConvert, JsonSerializerOptions options, ReadStack& state, T& value, Boolean& isPopulatedValue)
   at System.Text.Json.Serialization.JsonDictionaryConverter`3.OnTryRead(Utf8JsonReader& reader, Type typeToConvert, JsonSerializerOptions options, ReadStack& state, TDictionary& value)
   at System.Text.Json.Serialization.JsonConverter`1.TryRead(Utf8JsonReader& reader, Type typeToConvert, JsonSerializerOptions options, ReadStack& state, T& value, Boolean& isPopulatedValue)
   at System.Text.Json.Serialization.JsonConverter`1.ReadCore(Utf8JsonReader& reader, T& value, JsonSerializerOptions options, ReadStack& state)
   at System.Text.Json.Serialization.Metadata.JsonTypeInfo`1.ContinueDeserialize(ReadBufferState& bufferState, JsonReaderState& jsonReaderState, ReadStack& readStack, T& value)
   at System.Text.Json.Serialization.Metadata.JsonTypeInfo`1.Deserialize(Stream utf8Json)
   at Automation.AutomationUtili.ParseJsonFile[T](String filename) in /rwthfs/rz/cluster/home/gzi37280/LoadProfileGenerator/Automation/AutomationUtili.cs:line 68
   at CitySimulation.Scenarios.CityScenarioImport.ParseTravelData(DirectoryInfo inputDirectory, CityData city, MPILogger logger) in /rwthfs/rz/cluster/home/gzi37280/LoadProfileGenerator/CitySimulation/Scenarios/CityScenarioImport.cs:line 150
   at CitySimulation.Scenarios.CityScenarioImport.ReadScenarioFromConfigDirectory(String inputDirectoryPath, Int32 numWorkers, MPILogger logger) in /rwthfs/rz/cluster/home/gzi37280/LoadProfileGenerator/CitySimulation/Scenarios/CityScenarioImport.cs:line 109
   at CitySimulation.Worker.LoadAndDistributeScenario(String inputPath) in /rwthfs/rz/cluster/home/gzi37280/LoadProfileGenerator/CitySimulation/Worker.cs:line 104
   at CitySimulation.Worker..ctor(Intracommunicator comm, String[] args) in /rwthfs/rz/cluster/home/gzi37280/LoadProfileGenerator/CitySimulation/Worker.cs:line 61
   at CitySimulation.Program.RunNewWorker(Intracommunicator comm, String[] args) in /rwthfs/rz/cluster/home/gzi37280/LoadProfileGenerator/CitySimulation/Program.cs:line 42
   at CitySimulation.Program.<>c__DisplayClass1_0.<CreateMPIRunAction>b__0(Intracommunicator comm) in /rwthfs/rz/cluster/home/gzi37280/LoadProfileGenerator/CitySimulation/Program.cs:line 26
   at MPI.Environment.Run(String[]& args, Threading threading, Action`1 action, Boolean cleanupEnvironment)
srun: Job step aborted: Waiting up to 92 seconds for job step to finish.
[2026-06-23T22:58:49.409] error: *** STEP 1312990.0 ON n23m0096 CANCELLED AT 2026-06-23T22:58:49 DUE to SIGNAL Killed ***
srun: error: n23m0122: task 3: Killed
srun: error: n23m0211: task 6: Killed
srun: error: n23m0113: task 1: Killed
srun: error: n23m0196: task 5: Killed
srun: error: n23m0265: task 32: Killed
srun: error: n23m0275: task 35: Killed
srun: error: n23m0216: task 7: Killed
srun: error: n23m0282: task 36: Killed
srun: error: n23m0178: task 4: Killed
srun: error: n23m0114: task 2: Killed
srun: error: n23m0096: task 0: Exited with exit code 1
srun: error: n23m0268: tasks 33-34: Killed
srun: error: n23m0284: tasks 37-39: Killed
srun: error: n23m0258: tasks 24-27: Killed
srun: error: n23m0261: tasks 28-31: Killed
srun: error: n23m0247: tasks 13-16: Killed
srun: error: n23m0239: tasks 8-12: Killed
srun: error: n23m0252: tasks 17-23: Killed
