[INFO] Module OpenMPI/5.0.3 loaded.

Lmod is automatically replacing "impi/2021.13.0" with "OpenMPI/5.0.3".

[INFO] Module OpenMPI/5.0.3 loaded.

Inactive Modules:
  1) imkl-FFTW/2024.2.0

Initializing the logger
Starting mass simulation with 24 workers.
Loading city scenario from path /home/gzi37280/CityScenarioGenerator/scenarios/scenario_juelich
Using database file: /rwthfs/rz/cluster/home/gzi37280/LoadProfileGenerator/CitySimulation/bin/Release/net9.0/linux-x64/publish/profilegenerator.db3
Found 1 files in the routes subdirectory.
Calling MPI Scatter to distribute scenario parts.
Worker 0 on n23m0001.hpc.itc.rwth-aachen.de is responsible for 397 houses and 749 POIs.
No reusable database found. Creating a new one: profilegenerator.worker_0.db3
Generating house DEA_DENW40AL10003TRR-2496 from templates
Generating house DEA_DENW40AL10003TdT-1886 from templates
Generating house DEA_DENW40AL10003Umt-3661 from templates
Generating house DEA_DENW40AL10003WfT-6093 from templates
Generating house DEA_DENW40AL10003TCr-1836 from templates
Generating house DEA_DENW40AL10003Shk-670 from templates
Generating house DEA_DENW40AL10003UFa-3334 from templates
Generating house DEA_DENW40AL10003XaU-7278 from templates
Generating house DEA_DENW40AL10003U5q-3006 from templates
Generating house DEA_DENW40AL10003ShN-677 from templates
Generating house DEA_DENW40AL10003UqW-3852 from templates
Generating house DEA_DENW40AL10003WkE-6319 from templates
Generating house DEA_DENW40AL10003Y3X-8511 from templates
Generating house DEA_DENW40AL10003UnK-3700 from templates
Generating house DEA_DENW40AL10003X3v-7113 from templates
Generating house DEA_DENW40AL10003Sep-556 from templates
Generating house DEA_DENW40AL10003TeO-1917 from templates
Generating house DEA_DENW40AL10003U3Z-2970 from templates
Generating house DEA_DENW40AL10003V0p-4282 from templates
Generating house DEA_DENW40AL10003Vyk-5542 from templates
Generating house DEA_DENW40AL10003WUs-6778 from templates
Generating house DEA_DENW40AL10003XnV-7885 from templates
Generating house DEA_DENW40AL2PX0003o-9286 from templates
Generating house DEA_DENW40AL10003TTP-2576 from templates
Generating house DEA_DENW40AL10003Woi-6501 from templates
Generating house DEA_DENW40AL10003Rxc-34 from templates
Generating house DEA_DENW40AL10003S5q-232 from templates
Generating house DEA_DENW40AL10003SIn-736 from templates
Generating house DEA_DENW40AL10003Swp-1351 from templates
Generating house DEA_DENW40AL10003Tg5-1974 from templates
Generating house DEA_DENW40AL10003TQ7-2414 from templates
Generating house DEA_DENW40AL10003U1b-2907 from templates
Generating house DEA_DENW40AL10003Ugg-3389 from templates
Generating house DEA_DENW40AL10003UxP-4164 from templates
Generating house DEA_DENW40AL10003VAZ-4538 from templates
Generating house DEA_DENW40AL10003VMM-5024 from templates
Generating house DEA_DENW40AL10003VXO-5505 from templates
Generating house DEA_DENW40AL10003Wib-6216 from templates
Generating house DEA_DENW40AL10003WuQ-6774 from templates
Generating house DEA_DENW40AL10003X6w-7181 from templates
Generating house DEA_DENW40AL10003XnO-7867 from templates
Generating house DEA_DENW40AL10003Y0z-8449 from templates
Generating house DEA_DENW40AL10003YP6-8992 from templates
Generating house DEA_DENW40AL10003S4Y-213 from templates
Generating house DEA_DENW40AL10003Sip-740 from templates
Generating house DEA_DENW40AL10003SUP-1263 from templates
Generating house DEA_DENW40AL10003TbQ-1791 from templates
Generating house DEA_DENW40AL10003TnA-2276 from templates
Generating house DEA_DENW40AL10003TXF-2744 from templates
Generating house DEA_DENW40AL10003UAw-3149 from templates
Generating house DEA_DENW40AL10003UiQ-3491 from templates
Generating house DEA_DENW40AL10003Uul-4025 from templates
Generating house DEA_DENW40AL10003VCh-4595 from templates
Generating house DEA_DENW40AL10003VTh-5323 from templates
Generating house DEA_DENW40AL10003WCa-5933 from templates
Generating house DEA_DENW40AL10003WJy-6304 from templates
Generating house DEA_DENW40AL10003Wwu-6872 from templates
Generating house DEA_DENW40AL10003Xh3-7561 from templates
Generating house DEA_DENW40AL10003XqE-7993 from templates
Generating house DEA_DENW40AL10003XZc-8393 from templates
Generating house DEA_DENW40AL10003YFl-8776 from templates
Generating house DEA_DENW40AL4G00015n-9441 from templates
Generating house DEA_DENW40AL10003S3x-191 from templates
Generating house DEA_DENW40AL10003Say-383 from templates
Generating house DEA_DENW40AL10003SeQ-558 from templates
Generating house DEA_DENW40AL10003Shw-694 from templates
Generating house DEA_DENW40AL10003Sl1-845 from templates
Generating house DEA_DENW40AL10003SPw-1042 from templates
Generating house DEA_DENW40AL10003Sth-1207 from templates
Generating house DEA_DENW40AL10003SVY-1317 from templates
Generating house DEA_DENW40AL10003SyH-1417 from templates
Generating house DEA_DENW40AL10003T3i-1579 from templates
Generating house DEA_DENW40AL10003Tag-1731 from templates
Generating house DEA_DENW40AL10003TEp-1920 from templates
Generating house DEA_DENW40AL10003Tio-2081 from templates
Generating house DEA_DENW40AL10003TL6-2185 from templates
Generating house DEA_DENW40AL10003TPD-2372 from templates
Generating house DEA_DENW40AL10003TSW-2542 from templates
Generating house DEA_DENW40AL10003Tvu-2671 from templates
Generating house DEA_DENW40AL10003TYZ-2822 from templates
Generating house DEA_DENW40AL10003U4m-2984 from templates
Generating house DEA_DENW40AL10003UAA-3120 from templates
Generating house DEA_DENW40AL10003Udq-3273 from templates
Generating house DEA_DENW40AL10003UHK-3443 from templates
Generating house DEA_DENW40AL10003UKF-3565 from templates
Generating house DEA_DENW40AL10003UN8-3685 from templates
Generating house DEA_DENW40AL10003UqV-3850 from templates
Generating house DEA_DENW40AL10003UuE-4013 from templates
Generating house DEA_DENW40AL10003UWz-4126 from templates
Generating house DEA_DENW40AL10003UZm-4251 from templates
Generating house DEA_DENW40AL10003V5T-4395 from templates
Generating house DEA_DENW40AL10003VCL-4602 from templates
Generating house DEA_DENW40AL10003VgU-4786 from templates
Generating house DEA_DENW40AL10003VJM-4901 from templates
Generating house DEA_DENW40AL10003VmA-5010 from templates
Generating house DEA_DENW40AL10003VPT-5165 from templates
Generating house DEA_DENW40AL10003VT8-5311 from templates
Generating house DEA_DENW40AL10003Vw7-5440 from templates
Generating house DEA_DENW40AL10003VZ6-5568 from templates
Generating house DEA_DENW40AL10003W39-5670 from templates
Generating house DEA_DENW40AL10003WA7-5843 from templates
Generating house DEA_DENW40AL10003Wf1-6066 from templates
Generating house DEA_DENW40AL10003WI2-6207 from templates
Generating house DEA_DENW40AL10003WMj-6409 from templates
Generating house DEA_DENW40AL10003WPc-6533 from templates
Generating house DEA_DENW40AL10003WS9-6664 from templates
Generating house DEA_DENW40AL10003WVi-6814 from templates
Generating house DEA_DENW40AL10003WYn-6968 from templates
Generating house DEA_DENW40AL10003X2Y-7097 from templates
Generating house DEA_DENW40AL10003X8r-7217 from templates
Generating house DEA_DENW40AL10003XCN-7356 from templates
Generating house DEA_DENW40AL10003Xg1-7517 from templates
Generating house DEA_DENW40AL10003XI1-7609 from templates
Generating house DEA_DENW40AL10003XLd-7754 from templates
Generating house DEA_DENW40AL10003Xo4-7898 from templates
Generating house DEA_DENW40AL10003XQT-8015 from templates
Generating house DEA_DENW40AL10003Xtm-8138 from templates
Generating house DEA_DENW40AL10003XWc-8251 from templates
Generating house DEA_DENW40AL10003XzB-8391 from templates
Generating house DEA_DENW40AL10003Y5L-8546 from templates
Generating house DEA_DENW40AL10003YBP-8675 from templates
Generating house DEA_DENW40AL10003YGv-8811 from templates
Generating house DEA_DENW40AL10003YNF-8944 from templates
Generating house DEA_DENW40AL1000aQOj-9091 from templates
Generating house DEA_DENW40AL2d0000G1-9250 from templates
Generating house DEA_DENW40AL40000Bwr-9432 from templates
Generating house DEA_DENW40AL10003RwB-14 from templates
Generating house DEA_DENW40AL10003S03-103 from templates
Generating house DEA_DENW40AL10003S6Q-256 from templates
Generating house DEA_DENW40AL10003SAz-386 from templates
Generating house DEA_DENW40AL10003Sd5-489 from templates
Generating house DEA_DENW40AL10003SGg-619 from templates
Generating house DEA_DENW40AL10003SIo-739 from templates
Generating house DEA_DENW40AL10003SMR-920 from templates
Generating house DEA_DENW40AL10003SQd-1069 from templates
Generating house DEA_DENW40AL10003SSr-1177 from templates
Generating house DEA_DENW40AL10003Sxa-1366 from templates
Generating house DEA_DENW40AL10003SzZ-1496 from templates
Generating house DEA_DENW40AL10003T77-1655 from templates
Generating house DEA_DENW40AL10003TBM-1788 from templates
Generating house DEA_DENW40AL10003TFH-1950 from templates
Generating house DEA_DENW40AL10003THj-2044 from templates
Generating house DEA_DENW40AL10003TLa-2189 from templates
Generating house DEA_DENW40AL10003To7-2314 from templates
Generating house DEA_DENW40AL10003TQp-2447 from templates
Generating house DEA_DENW40AL10003Tu3-2598 from templates
Generating house DEA_DENW40AL10003Twv-2721 from templates
Generating house DEA_DENW40AL10003Tzk-2847 from templates
Generating house DEA_DENW40AL10003U4e-2978 from templates
Generating house DEA_DENW40AL10003UAO-3139 from templates
Generating house DEA_DENW40AL10003UDH-3267 from templates
Generating house DEA_DENW40AL10003Ugn-3396 from templates
Generating house DEA_DENW40AL10003UjK-3525 from templates
Generating house DEA_DENW40AL10003Umb-3640 from templates
Generating house DEA_DENW40AL10003Uor-3756 from templates
Generating house DEA_DENW40AL10003URr-3897 from templates
Generating house DEA_DENW40AL10003Uu8-4003 from templates
Generating house DEA_DENW40AL10003Ux8-4138 from templates
Generating house DEA_DENW40AL10003Uzt-4263 from templates
Generating house DEA_DENW40AL10003V5P-4391 from templates
Generating house DEA_DENW40AL10003V93-4476 from templates
Generating house DEA_DENW40AL10003VCd-4589 from templates
Generating house DEA_DENW40AL10003VEy-4703 from templates
Generating house DEA_DENW40AL10003VGV-4791 from templates
Generating house DEA_DENW40AL10003VKi-4934 from templates
Generating house DEA_DENW40AL10003Vo7-5091 from templates
Generating house DEA_DENW40AL10003VQs-5210 from templates
Generating house DEA_DENW40AL10003VTC-5318 from templates
Generating house DEA_DENW40AL10003VW4-5437 from templates
Generating house DEA_DENW40AL10003Vyn-5546 from templates
Generating house DEA_DENW40AL10003W3r-5686 from templates
Generating house DEA_DENW40AL10003W8Z-5808 from templates
Generating house DEA_DENW40AL10003Wcf-5939 from templates
Generating house DEA_DENW40AL10003WFb-6072 from templates
Generating house DEA_DENW40AL10003WhT-6194 from templates
Generating house DEA_DENW40AL10003WJM-6284 from templates
Generating house DEA_DENW40AL10003Wmf-6404 from templates
Generating house DEA_DENW40AL10003WP5-6529 from templates
Generating house DEA_DENW40AL10003WRT-6644 from templates
Generating house DEA_DENW40AL10003WvF-6808 from templates
Generating house DEA_DENW40AL10003WYE-6954 from templates
Generating house DEA_DENW40AL10003X1e-7057 from templates
Generating house DEA_DENW40AL10003X71-7183 from templates
Generating house DEA_DENW40AL10003XbU-7325 from templates
Generating house DEA_DENW40AL10003Xf6-7471 from templates
Generating house DEA_DENW40AL10003XiX-7649 from templates
Generating house DEA_DENW40AL10003Xlk-7768 from templates
Generating house DEA_DENW40AL10003XO6-7900 from templates
Generating house DEA_DENW40AL10003Xrx-8066 from templates
Generating house DEA_DENW40AL10003XU1-8156 from templates
Generating house DEA_DENW40AL10003XWe-8255 from templates
Generating house DEA_DENW40AL10003Xyg-8353 from templates
Generating house DEA_DENW40AL10003Y3V-8509 from templates
Generating house DEA_DENW40AL10003YAd-8641 from templates
Generating house DEA_DENW40AL10003YGp-8807 from templates
Generating house DEA_DENW40AL10003YMv-8932 from templates
Generating house DEA_DENW40AL10003YQv-9024 from templates
Generating house DEA_DENW40AL1JI000Tz-9150 from templates
Generating house DEA_DENW40AL2Tv00096-9307 from templates
Generating house DEA_DENW40AL5000092a-9454 from templates
Generating house DEA_DENW40AL10003Rx1-28 from templates
Generating house DEA_DENW40AL10003Rz7-82 from templates
Generating house DEA_DENW40AL10003S29-145 from templates
Generating house DEA_DENW40AL10003S5f-219 from templates
Generating house DEA_DENW40AL10003S83-291 from templates
Generating house DEA_DENW40AL10003SaI-353 from templates
Generating house DEA_DENW40AL10003SbG-400 from templates
Generating house DEA_DENW40AL10003Sco-465 from templates
Generating house DEA_DENW40AL10003Se1-532 from templates
Generating house DEA_DENW40AL10003SFP-595 from templates
Generating house DEA_DENW40AL10003Shl-673 from templates
Generating house DEA_DENW40AL10003Sio-737 from templates
Generating house DEA_DENW40AL10003SKn-824 from templates
Generating house DEA_DENW40AL10003SM3-896 from templates
Generating house DEA_DENW40AL10003So1-962 from templates
Generating house DEA_DENW40AL10003Spf-1016 from templates
Generating house DEA_DENW40AL10003Sqx-1095 from templates
Generating house DEA_DENW40AL10003Ssn-1173 from templates
Generating house DEA_DENW40AL10003STy-1236 from templates
Generating house DEA_DENW40AL10003Svx-1314 from templates
Generating house DEA_DENW40AL10003SXs-1389 from templates
Generating house DEA_DENW40AL10003SzO-1479 from templates
Generating house DEA_DENW40AL10003T1O-1541 from templates
Generating house DEA_DENW40AL10003T3v-1590 from templates
Generating house DEA_DENW40AL10003T7o-1666 from templates
Generating house DEA_DENW40AL10003TaE-1729 from templates
Generating house DEA_DENW40AL10003TbJ-1786 from templates
Generating house DEA_DENW40AL10003Tdl-1874 from templates
Generating house DEA_DENW40AL10003TFo-1957 from templates
Generating house DEA_DENW40AL10003THN-2051 from templates
Generating house DEA_DENW40AL10003TK5-2144 from templates
Generating house DEA_DENW40AL10003TLl-2202 from templates
Generating house DEA_DENW40AL10003Tmz-2266 from templates
Generating house DEA_DENW40AL10003TOt-2350 from templates
Generating house DEA_DENW40AL10003Tpx-2408 from templates
Generating house DEA_DENW40AL10003TRJ-2482 from templates
Generating house DEA_DENW40AL10003TTa-2558 from templates
Generating house DEA_DENW40AL10003TV5-2638 from templates
Generating house DEA_DENW40AL10003TxC-2739 from templates
Generating house DEA_DENW40AL10003Typ-2804 from templates
Generating house DEA_DENW40AL10003U0S-2889 from templates
Generating house DEA_DENW40AL10003U3S-2964 from templates
Generating house DEA_DENW40AL10003U7I-3054 from templates
Generating house DEA_DENW40AL10003U9y-3109 from templates
Generating house DEA_DENW40AL10003UBh-3173 from templates
Generating house DEA_DENW40AL10003Ud9-3252 from templates
Generating house DEA_DENW40AL10003UEv-3320 from templates
Generating house DEA_DENW40AL10003Ufw-3371 from templates
Generating house DEA_DENW40AL10003UHd-3434 from templates
Generating house DEA_DENW40AL10003UjW-3539 from templates
Generating house DEA_DENW40AL10003ULl-3610 from templates
Generating house DEA_DENW40AL10003UN2-3678 from templates
Generating house DEA_DENW40AL10003UON-3749 from templates
Generating house DEA_DENW40AL10003Uq2-3820 from templates
Generating house DEA_DENW40AL10003Urq-3896 from templates
Generating house DEA_DENW40AL10003UTi-3972 from templates
Generating house DEA_DENW40AL10003Uv7-4045 from templates
Generating house DEA_DENW40AL10003Ux4-4132 from templates
Generating house DEA_DENW40AL10003Uz0-4229 from templates
Generating house DEA_DENW40AL10003V1s-4308 from templates
Generating house DEA_DENW40AL10003V4l-4371 from templates
Generating house DEA_DENW40AL10003V8M-4463 from templates
Generating house DEA_DENW40AL10003Vbi-4553 from templates
Generating house DEA_DENW40AL10003VdJ-4638 from templates
Generating house DEA_DENW40AL10003Vff-4719 from templates
Generating house DEA_DENW40AL10003VGS-4783 from templates
Generating house DEA_DENW40AL10003ViJ-4856 from templates
Generating house DEA_DENW40AL10003VkQ-4944 from templates
Generating house DEA_DENW40AL10003Vmk-5021 from templates
Generating house DEA_DENW40AL10003Vnr-5073 from templates
Generating house DEA_DENW40AL10003VPw-5171 from templates
Generating house DEA_DENW40AL10003VrB-5231 from templates
Generating house DEA_DENW40AL10003Vsz-5303 from templates
Generating house DEA_DENW40AL10003VuH-5363 from templates
Generating house DEA_DENW40AL10003Vwb-5443 from templates
Generating house DEA_DENW40AL10003VXs-5510 from templates
Generating house DEA_DENW40AL10003W02-5606 from templates
Generating house DEA_DENW40AL10003W3W-5691 from templates
Generating house DEA_DENW40AL10003W7L-5772 from templates
Generating house DEA_DENW40AL10003W9T-5831 from templates
Generating house DEA_DENW40AL10003Wb4-5889 from templates
Generating house DEA_DENW40AL10003Wcr-5957 from templates
Generating house DEA_DENW40AL10003Wdy-6017 from templates
Generating house DEA_DENW40AL10003WgC-6113 from templates
Generating house DEA_DENW40AL10003Whl-6181 from templates
Generating house DEA_DENW40AL10003WJb-6263 from templates
Generating house DEA_DENW40AL10003Wko-6330 from templates
Generating house DEA_DENW40AL10003WLV-6387 from templates
Generating house DEA_DENW40AL10003Wn6-6446 from templates
Generating house DEA_DENW40AL10003WPH-6543 from templates
Generating house DEA_DENW40AL10003WR3-6605 from templates
Generating house DEA_DENW40AL10003WsE-6673 from templates
Generating house DEA_DENW40AL10003WU7-6751 from templates
Generating house DEA_DENW40AL10003WVE-6807 from templates
Generating house DEA_DENW40AL10003WwX-6878 from templates
Generating house DEA_DENW40AL10003WYD-6951 from templates
Generating house DEA_DENW40AL10003X0l-7045 from templates
Generating house DEA_DENW40AL10003X4d-7128 from templates
Generating house DEA_DENW40AL10003X8i-7210 from templates
Generating house DEA_DENW40AL10003XaP-7270 from templates
Generating house DEA_DENW40AL10003XCt-7362 from templates
Generating house DEA_DENW40AL10003XeK-7438 from templates
Generating house DEA_DENW40AL10003XFZ-7514 from templates
Generating house DEA_DENW40AL10003XHY-7605 from templates
Generating house DEA_DENW40AL10003XJD-7669 from templates
Generating house DEA_DENW40AL10003XL7-7747 from templates
Generating house DEA_DENW40AL10003Xmw-7831 from templates
Generating house DEA_DENW40AL10003XoR-7921 from templates
Generating house DEA_DENW40AL10003Xqa-7983 from templates
Generating house DEA_DENW40AL10003Xrv-8060 from templates
Generating house DEA_DENW40AL10003Xts-8146 from templates
Generating house DEA_DENW40AL10003XW9-8249 from templates
Generating house DEA_DENW40AL10003Xyh-8354 from templates
Generating house DEA_DENW40AL10003XZt-8417 from templates
Generating house DEA_DENW40AL10003Y37-8490 from templates
Generating house DEA_DENW40AL10003Y5o-8550 from templates
Generating house DEA_DENW40AL10003Y9S-8631 from templates
Generating house DEA_DENW40AL10003YCX-8706 from templates
Generating house DEA_DENW40AL10003YG3-8795 from templates
Generating house DEA_DENW40AL10003YIS-8851 from templates
Generating house DEA_DENW40AL10003YMh-8921 from templates
Generating house DEA_DENW40AL10003YQo-9019 from templates
Generating house DEA_DENW40AL1000Zpmd-9105 from templates
Generating house DEA_DENW40AL20000GWo-9213 from templates
Generating house DEA_DENW40AL2sK0003f-9303 from templates
Generating house DEA_DENW40AL3G30002t-9381 from templates
Generating house DEA_DENW40ALaH00004f-9486 from templates
Generating house DEA_DENW40AL10003Rxj-41 from templates
Generating house DEA_DENW40AL10003S2x-166 from templates
Generating house DEA_DENW40AL10003S9V-330 from templates
Generating house DEA_DENW40AL10003Sf1-569 from templates
Generating house DEA_DENW40AL10003Sil-731 from templates
Generating house DEA_DENW40AL10003SkS-831 from templates
Generating house DEA_DENW40AL10003Snx-955 from templates
Generating house DEA_DENW40AL10003SQS-1086 from templates
Generating house DEA_DENW40AL10003ST7-1196 from templates
Generating house DEA_DENW40AL10003Sw2-1321 from templates
Generating house DEA_DENW40AL10003SzT-1486 from templates
Generating house DEA_DENW40AL10003T6I-1636 from templates
Generating house DEA_DENW40AL10003Tb4-1767 from templates
Generating house DEA_DENW40AL10003TDR-1883 from templates
Generating house DEA_DENW40AL10003TGo-2003 from templates
Generating house DEA_DENW40AL10003Tk1-2142 from templates
Generating house DEA_DENW40AL10003Tms-2259 from templates
Generating house DEA_DENW40AL10003Tpp-2392 from templates
Generating house DEA_DENW40AL10003Tsw-2540 from templates
Generating house DEA_DENW40AL10003TW4-2684 from templates
Generating house DEA_DENW40AL10003Tzq-2860 from templates
Generating house DEA_DENW40AL10003U60-3013 from templates
Generating house DEA_DENW40AL10003UAQ-3144 from templates
Generating house DEA_DENW40AL10003UeW-3322 from templates
Generating house DEA_DENW40AL10003Uif-3476 from templates
Generating house DEA_DENW40AL10003Ulv-3622 from templates
Generating house DEA_DENW40AL10003UOs-3759 from templates
Generating house DEA_DENW40AL10003UqX-3854 from templates
Generating house DEA_DENW40AL10003UUm-4028 from templates
Generating house DEA_DENW40AL10003UXc-4146 from templates
Generating house DEA_DENW40AL10003V0m-4279 from templates
Generating house DEA_DENW40AL10003V6I-4413 from templates
Generating house DEA_DENW40AL10003VBa-4543 from templates
Generating house DEA_DENW40AL10003Ve3-4666 from templates
Generating house DEA_DENW40AL10003VHb-4808 from templates
Generating house DEA_DENW40AL10003Vko-4942 from templates
Generating house DEA_DENW40AL10003VnD-5058 from templates
Generating house DEA_DENW40AL10003VQU-5214 from templates
Generating house DEA_DENW40AL10003Vv2-5398 from templates
Generating house DEA_DENW40AL10003VZQ-5592 from templates
Generating house DEA_DENW40AL10003W4J-5708 from templates
Generating house DEA_DENW40AL10003WAC-5848 from templates
Generating house DEA_DENW40AL10003Wda-5980 from templates
Generating house DEA_DENW40AL10003Wfv-6098 from templates
Generating house DEA_DENW40AL10003WJR-6290 from templates
Generating house DEA_DENW40AL10003Wn8-6448 from templates
Generating house DEA_DENW40AL10003WrP-6638 from templates
Generating house DEA_DENW40AL10003WVG-6810 from templates
Generating house DEA_DENW40AL10003Wy7-6942 from templates
Generating house DEA_DENW40AL10003X3n-7108 from templates
Generating house DEA_DENW40AL10003XaB-7254 from templates
Generating house DEA_DENW40AL10003XCy-7369 from templates
Generating house DEA_DENW40AL10003XF6-7472 from templates
Generating house DEA_DENW40AL10003XIG-7625 from templates
Generating house DEA_DENW40AL10003XLF-7759 from templates
Generating house DEA_DENW40AL10003Xnw-7888 from templates
Generating house DEA_DENW40AL10003XRQ-8055 from templates
Generating house DEA_DENW40AL10003XwI-8262 from templates
Generating house DEA_DENW40AL10003XzM-8403 from templates
Generating house DEA_DENW40AL10003Y7A-8581 from templates
Generating house DEA_DENW40AL10003YCQ-8699 from templates
Generating house DEA_DENW40AL10003YHf-8819 from templates
Generating house DEA_DENW40AL10003YOk-8974 from templates
Generating house DEA_DENW40AL1000aJPZ-9090 from templates
Generating house DEA_DENW40AL1nc0001B-9168 from templates
Generating house DEA_DENW40AL2b00003p-9240 from templates
Generating house DEA_DENW40AL2Yb00048-9331 from templates
Generating house DEA_DENW40AL3iD00031-9395 from templates
Generating house DEA_DENW40AL5x0001LG-9472 from templates
Generating house DEA_DENW40ALqv00003e-9534 from templates
Finished generating all houses
Preparing house DEA_DENW40AL10003TRR-2496 for calculation
Preparing house DEA_DENW40AL10003TdT-1886 for calculation
Preparing house DEA_DENW40AL10003Umt-3661 for calculation
Preparing house DEA_DENW40AL10003WfT-6093 for calculation
Preparing house DEA_DENW40AL10003TCr-1836 for calculation
Preparing house DEA_DENW40AL10003Shk-670 for calculation
Preparing house DEA_DENW40AL10003UFa-3334 for calculation
Preparing house DEA_DENW40AL10003XaU-7278 for calculation
Preparing house DEA_DENW40AL10003U5q-3006 for calculation
Preparing house DEA_DENW40AL10003ShN-677 for calculation
[2026-10-06T18:53:11.846] error: Detected 1 oom_kill event in StepId=4814859.0. Some of the step tasks have been OOM Killed.
srun: error: n23m0001: task 1: Out Of Memory
[2026-10-06T18:53:12.837] error:  mpi/pmix_v5: _errhandler: n23m0001 [0]: pmixp_client_v2.c:225: Error handler invoked: status = -61, source = [slurm.pmix.4814859.0:1]
[2026-10-06T18:53:12.840] error: *** STEP 4814859.0 ON n23m0001 CANCELLED AT 2026-10-06T18:53:12 DUE TO TASK FAILURE ***
srun: error: n23m0009: tasks 9-11: Exited with exit code 143
srun: error: n23m0012: tasks 18-19: Exited with exit code 143
srun: error: n23m0011: tasks 15-17: Exited with exit code 143
srun: error: n23m0006: task 5: Exited with exit code 143
srun: error: n23m0008: tasks 6-8: Exited with exit code 143
srun: error: n23m0010: tasks 12-14: Exited with exit code 143
srun: error: n23m0019: tasks 20-23: Exited with exit code 143
srun: error: n23m0003: tasks 2-4: Exited with exit code 143
