[INFO] Module OpenMPI/5.0.3 loaded.

Lmod is automatically replacing "impi/2021.13.0" with "OpenMPI/5.0.3".

[INFO] Module OpenMPI/5.0.3 loaded.

Inactive Modules:
  1) imkl-FFTW/2024.2.0

Initializing the logger
Starting mass simulation with 2 workers.
Loading city scenario from path /home/gzi37280/CityScenarioGenerator/scenarios/test_scenario
Using database file: /rwthfs/rz/cluster/home/gzi37280/LoadProfileGenerator/CitySimulation/bin/release/net9.0/linux-x64/publish/profilegenerator.db3
Found 1 files in the routes subdirectory.
Calling MPI Scatter to distribute scenario parts.
Worker 0 on n23m0194.hpc.itc.rwth-aachen.de is responsible for 1 houses and 28 POIs.
Reusing existing database file profilegenerator.worker_0.db3
Preparing house DEA_DENW40AL10003Rxm-0 for calculation
In total, this worker simulates 2 persons in 2 households.
Finished initialization in  00:00:14.2056224
Calling MPI Barrier
MPI Barrier is over after 00:00:00.5801491
Main loop: 00:00:06.4353950, MPI communication: 00:00:03.3881493 (52.65 %), speed: 2237.62 steps/second, 4475.25 household steps/second, 4475.25 person steps/second
Calling MPI Barrier
MPI Barrier is over after 00:00:00.0000069
Finished main simulation in 00:00:07.0182176
Calling MPI Barrier
MPI Barrier is over after 00:00:00.0000224
Finished postprocessing in  00:00:01.6414192
Finished city simulation in 00:00:22.8662729
