[INFO] Module OpenMPI/5.0.3 loaded.

Lmod is automatically replacing "impi/2021.13.0" with "OpenMPI/5.0.3".

[INFO] Module OpenMPI/5.0.3 loaded.

Inactive Modules:
  1) imkl-FFTW/2024.2.0

[2026-06-23T23:01:17.532] error: Can't propagate RLIMIT_NPROC of 1027897 from submit host: Invalid argument
[2026-06-23T23:01:17.533] error: Can't propagate RLIMIT_NPROC of 1027897 from submit host: Invalid argument
[2026-06-23T23:01:17.535] error: Can't propagate RLIMIT_NPROC of 1027897 from submit host: Invalid argument
[2026-06-23T23:01:17.588] error: Can't propagate RLIMIT_NPROC of 1027897 from submit host: Invalid argument
Initializing the logger
Starting mass simulation with 40 workers.
Loading city scenario from path /home/gzi37280/CityScenarioGenerator/scenarios/scenario_juelich
Using database file: /rwthfs/rz/cluster/home/gzi37280/LoadProfileGenerator/CitySimulation/bin/Release/net9.0/linux-x64/publish/profilegenerator.db3
Found 1 files in the routes subdirectory.
System.OutOfMemoryException: Exception of type 'System.OutOfMemoryException' was thrown.
   at System.Text.Json.JsonReaderHelper.TranscodeHelper(ReadOnlySpan`1 utf8Unescaped)
   at System.Text.Json.Utf8JsonReader.GetString()
   at System.Text.Json.Serialization.JsonConverter`1.TryRead(Utf8JsonReader& reader, Type typeToConvert, JsonSerializerOptions options, ReadStack& state, T& value, Boolean& isPopulatedValue)
   at System.Text.Json.Serialization.JsonConverter`1.TryReadAsObject(Utf8JsonReader& reader, Type typeToConvert, JsonSerializerOptions options, ReadStack& state, Object& value)
   at System.Text.Json.Serialization.Converters.LargeObjectWithParameterizedConstructorConverter`1.ReadAndCacheConstructorArgument(ReadStack& state, Utf8JsonReader& reader, JsonParameterInfo jsonParameterInfo)
   at System.Text.Json.Serialization.Converters.ObjectWithParameterizedConstructorConverter`1.ReadConstructorArgumentsWithContinuation(ReadStack& state, Utf8JsonReader& reader, JsonSerializerOptions options)
   at System.Text.Json.Serialization.Converters.ObjectWithParameterizedConstructorConverter`1.OnTryRead(Utf8JsonReader& reader, Type typeToConvert, JsonSerializerOptions options, ReadStack& state, T& value)
   at System.Text.Json.Serialization.JsonConverter`1.TryRead(Utf8JsonReader& reader, Type typeToConvert, JsonSerializerOptions options, ReadStack& state, T& value, Boolean& isPopulatedValue)
   at System.Text.Json.Serialization.JsonDictionaryConverter`3.OnTryRead(Utf8JsonReader& reader, Type typeToConvert, JsonSerializerOptions options, ReadStack& state, TDictionary& value)
   at System.Text.Json.Serialization.JsonConverter`1.TryRead(Utf8JsonReader& reader, Type typeToConvert, JsonSerializerOptions options, ReadStack& state, T& value, Boolean& isPopulatedValue)
   at System.Text.Json.Serialization.JsonConverter`1.ReadCore(Utf8JsonReader& reader, T& value, JsonSerializerOptions options, ReadStack& state)
   at System.Text.Json.Serialization.Metadata.JsonTypeInfo`1.ContinueDeserialize(ReadBufferState& bufferState, JsonReaderState& jsonReaderState, ReadStack& readStack, T& value)
   at System.Text.Json.Serialization.Metadata.JsonTypeInfo`1.Deserialize(Stream utf8Json)
   at Automation.AutomationUtili.ParseJsonFile[T](String filename) in /rwthfs/rz/cluster/home/gzi37280/LoadProfileGenerator/Automation/AutomationUtili.cs:line 68
   at CitySimulation.Scenarios.CityScenarioImport.ParseTravelData(DirectoryInfo inputDirectory, CityData city, MPILogger logger) in /rwthfs/rz/cluster/home/gzi37280/LoadProfileGenerator/CitySimulation/Scenarios/CityScenarioImport.cs:line 150
   at CitySimulation.Scenarios.CityScenarioImport.ReadScenarioFromConfigDirectory(String inputDirectoryPath, Int32 numWorkers, MPILogger logger) in /rwthfs/rz/cluster/home/gzi37280/LoadProfileGenerator/CitySimulation/Scenarios/CityScenarioImport.cs:line 109
   at CitySimulation.Worker.LoadAndDistributeScenario(String inputPath) in /rwthfs/rz/cluster/home/gzi37280/LoadProfileGenerator/CitySimulation/Worker.cs:line 104
   at CitySimulation.Worker..ctor(Intracommunicator comm, String[] args) in /rwthfs/rz/cluster/home/gzi37280/LoadProfileGenerator/CitySimulation/Worker.cs:line 61
   at CitySimulation.Program.RunNewWorker(Intracommunicator comm, String[] args) in /rwthfs/rz/cluster/home/gzi37280/LoadProfileGenerator/CitySimulation/Program.cs:line 42
   at CitySimulation.Program.<>c__DisplayClass1_0.<CreateMPIRunAction>b__0(Intracommunicator comm) in /rwthfs/rz/cluster/home/gzi37280/LoadProfileGenerator/CitySimulation/Program.cs:line 26
   at MPI.Environment.Run(String[]& args, Threading threading, Action`1 action, Boolean cleanupEnvironment)
[2026-06-23T23:02:00.908] error: *** STEP 1313176.0 ON n23m0022 CANCELLED AT 2026-06-23T23:02:00 DUE to SIGNAL Killed ***
srun: Job step aborted: Waiting up to 92 seconds for job step to finish.
srun: error: n23m0039: task 7: Killed
srun: error: n23m0069: task 22: Killed
srun: error: n23m0053: task 19: Killed
srun: error: n23m0061: task 21: Killed
srun: error: n23m0060: task 20: Killed
srun: error: n23m0032: tasks 1-2: Killed
srun: error: n23m0036: tasks 5-6: Killed
srun: error: n23m0033: tasks 3-4: Killed
srun: error: n23m0046: tasks 14-16: Killed
srun: error: n23m0071: tasks 23-25: Killed
srun: error: r23m0152: tasks 38-39: Killed
srun: error: n23m0042: tasks 8-10: Killed
srun: error: n23m0043: tasks 11-13: Killed
srun: error: n23m0132: tasks 26-28: Killed
srun: error: n23m0049: tasks 17-18: Killed
srun: error: r23m0139: tasks 32-37: Killed
srun: error: n23m0140: tasks 29-31: Killed
srun: error: n23m0022: task 0: Exited with exit code 1
